{"id": "50|sarcservicod::d5a5a3d06964f39b26ab924279f57692", "pid": [], "title": ["Eventos: Taking Nature Seriously: Citizens, Science and Environment", "Eventos: Taking Nature Seriously: Citizens, Science and Environment", "Eventos: Taking Nature Seriously: Citizens, Science and Environment", "Eventos: Taking Nature Seriously: Citizens, Science and Environment"], "description": [], "subject": [], "publisher": "Funda\u00e7\u00e3o Fernando Pessoa/Edi\u00e7\u00f5es Universidade Fernando Pessoa", "bestaccessright": ["Open Access"], "language": ["Portuguese"], "journal": "Antropol\u00f3gicas", "fulltext": null, "published": ["2012-07-23"], "resourceType": "conference poster", "subjects": ["keyword:reproductive health, students, contraception", "mesh:education"], "author_names": ["Cabral, Alcinda", "Maia, Rui Leandro"], "author_pids": ["", ""], "organization_names": [], "organization_shorts": [], "organization_ids": [], "project_titles": [], "project_ids": [], "project_codes": []}
{"id": "50|orcid_______::49f97c9d10c29e53c581da6d01647dca", "pid": [], "title": ["Linear and non-linear features for intrapartum cardiotocography evaluation"], "description": [], "subject": [], "publisher": null, "bestaccessright": ["not available"], "language": ["Undetermined"], "journal": null, "fulltext": null, "published": [], "resourceType": "conference poster", "subjects": ["keyword:reproductive health, students, contraception", "mesh:education"], "author_names": ["Chuda\u0301c\u030cek, V.", "Spilka, J.", "Huptych, M.", "Georgoulas, G.", "Lhotska\u0301, L.", "Stylios, C.", "Michal Kouck\u00fd", "Janku\u030a, P."], "author_pids": ["", "", "", "", "", "", "0000-0003-2807-7635", ""], "organization_names": [], "organization_shorts": [], "organization_ids": [], "project_titles": [], "project_ids": [], "project_codes": []}
{"id": "50|orcid_______::49f608129559ce580ff50bfa8a1ea847", "pid": [], "title": ["Parasitismo en campo de Coccinella septempunctata (Coleoptera: Coccinellidae) por su enemigo natural Dinocampus sp Foerster, 1862 (Hymenoptera: Braconidae)."], "description": [], "subject": [], "publisher": null, "bestaccessright": ["not available"], "language": ["Undetermined"], "journal": null, "fulltext": null, "published": [], "resourceType": "conference poster", "subjects": ["keyword:reproductive health, students, contraception", "mesh:education"], "author_names": ["Agust\u00edn Hern\u00e1ndez Ju\u00e1rez"], "author_pids": ["0000-0001-7059-4471"], "organization_names": [], "organization_shorts": [], "organization_ids": [], "project_titles": [], "project_ids": [], "project_codes": []}
{"id": "50|arXiv_______::046fe50541eb606183642eea0bad910e", "pid": ["1707.06207"], "title": ["The cohomology of rank two stable bundle moduli: mod two nilpotency & skew Schur polynomials"], "description": ["We compute cup product pairings in the integral cohomology ring of the moduli space of rank two stable bundles with odd determinant over a Riemann surface using methods of Zagier. The resulting formula is related to a generating function for certain skew Schur polynomials. As an application, we compute the nilpotency degree of a distinguished degree two generator in the mod two cohomology ring. We then give descriptions of the mod two cohomology rings in low genus, and describe the subrings invariant under the mapping class group action.", "Comment: 34 pages, 2 figures"], "subject": ["Mathematics - Geometric Topology", "14D20, 57R58"], "publisher": null, "bestaccessright": ["Open Access"], "language": ["English"], "journal": null, "fulltext": null, "published": ["2017-07-19"], "resourceType": "conference poster", "subjects": ["keyword:reproductive health, students, contraception", "mesh:education"], "author_names": ["Scaduto, Christopher", "Stoffregen, Matthew"], "author_pids": ["", ""], "organization_names": ["Scaduto Christopher W"], "organization_shorts": ["Scaduto Christopher W"], "organization_ids": ["20|pending_org_::a1edd04703a88b3e487b1366875cb197"], "project_titles": ["PostDoctoral Research Fellowship"], "project_ids": ["40|nsf_________::b312745f8d888b21819df6a1f4d8cc28"], "project_codes": ["1503100"]}
